
> seum@0.1.0 build
> next build

  ??Next.js 14.2.21
  - Environments: .env.local, .env

   Creating an optimized production build ...
 ??Compiled successfully
   Linting and checking validity of types ...
   Collecting page data ...
   Generating static pages (0/27) ...
   Generating static pages (6/27) 
   Generating static pages (13/27) 
   Generating static pages (20/27) 
 ??Generating static pages (27/27)
   Finalizing page optimization ...
   Collecting build traces ...

Route (app)                                             Size     First Load JS
??? /                                                   141 B          87.5 kB
??? /_not-found                                         873 B          88.2 kB
??? /[church]/[department]                              178 B          94.3 kB
??? /[church]/[department]/admin                        178 B          94.3 kB
??? /[church]/[department]/admin/absent                 141 B          87.5 kB
??? /[church]/[department]/admin/categories             1.44 kB        88.7 kB
??? /[church]/[department]/admin/members                2.07 kB        96.2 kB
??? /[church]/[department]/admin/organization           1.43 kB        88.7 kB
??? /[church]/[department]/admin/settings               3.17 kB        97.3 kB
??? /[church]/[department]/boards/[type]                2.27 kB         111 kB
??? /[church]/[department]/boards/[type]/[postId]       5.61 kB         107 kB
??? /[church]/[department]/boards/[type]/[postId]/edit  2.42 kB        96.5 kB
??? /[church]/[department]/boards/[type]/new            3.85 kB        97.9 kB
??? /[church]/[department]/prayer                       9.31 kB         116 kB
??? /[church]/[department]/profile                      4.26 kB         105 kB
??? /api/admin/absent-members                           0 B                0 B
??? /api/admin/bureau                                   0 B                0 B
??? /api/admin/categories                               0 B                0 B
??? /api/admin/categories/[id]                          0 B                0 B
??? /api/admin/cells                                    0 B                0 B
??? /api/admin/cells/[id]                               0 B                0 B
??? /api/admin/group-years                              0 B                0 B
??? /api/admin/members                                  0 B                0 B
??? /api/admin/members/[id]                             0 B                0 B
??? /api/admin/reset-requests                           0 B                0 B
??? /api/admin/settings                                 0 B                0 B
??? /api/admin/villages                                 0 B                0 B
??? /api/admin/villages/[id]                            0 B                0 B
??? /api/attendance                                     0 B                0 B
??? /api/auth/login                                     0 B                0 B
??? /api/auth/logout                                    0 B                0 B
??? /api/auth/me                                        0 B                0 B
??? /api/auth/profile                                   0 B                0 B
??? /api/auth/register                                  0 B                0 B
??? /api/auth/reset-password                            0 B                0 B
??? /api/comments/[id]                                  0 B                0 B
??? /api/posts                                          0 B                0 B
??? /api/posts/[id]                                     0 B                0 B
??? /api/posts/[id]/comments                            0 B                0 B
??? /api/posts/[id]/reactions                           0 B                0 B
??? /api/prayer-requests                                0 B                0 B
??? /api/prayer-requests/[id]                           0 B                0 B
??? /api/small-group                                    0 B                0 B
????/icon                                               0 B                0 B
??? /login                                              3.18 kB        97.3 kB
????/opengraph-image                                    0 B                0 B
??? /register                                           4.71 kB        98.8 kB
+ First Load JS shared by all                           87.3 kB
  ??chunks/117-a9ecfc29f0ec28c9.js                      31.6 kB
  ??chunks/fd9d1056-a5275af29dd112f2.js                 53.6 kB
  ??other shared chunks (total)                         2.08 kB


? Middleware                                            32.1 kB

?? (Static)   prerendered as static content
?  (Dynamic)  server-rendered on demand

